// Jest Snapshot v1, https://goo.gl/fbAQLP

exports[`renders correctly 1`] = `
<div>
  LOADING...
</div>
`;

exports[`renders states correctly when populated 1`] = `
<div>
  LOADING...
</div>
`;
